
> backend@0.0.1 test
> jest src/modules/wages/wages.service.spec.ts

